AggregateError [ETIMEDOUT]: 
    at internalConnectMultiple (node:net:1134:18)
    at internalConnectMultiple (node:net:1210:5)
    at Timeout.internalConnectMultipleTimeout (node:net:1742:5)
    at listOnTimeout (node:internal/timers:590:11)
    at process.processTimers (node:internal/timers:523:7) {
  code: 'ETIMEDOUT',
  [errors]: [
    Error: connect ETIMEDOUT 149.154.166.110:443
        at createConnectionError (node:net:1678:14)
        at Timeout.internalConnectMultipleTimeout (node:net:1737:38)
        at listOnTimeout (node:internal/timers:590:11)
        at process.processTimers (node:internal/timers:523:7) {
      errno: -60,
      code: 'ETIMEDOUT',
      syscall: 'connect',
      address: '149.154.166.110',
      port: 443
    },
    Error: connect EHOSTUNREACH 2001:67c:4e8:f004::9:443 - Local (:::58889)
        at internalConnectMultiple (node:net:1206:16)
        at Timeout.internalConnectMultipleTimeout (node:net:1742:5)
        at listOnTimeout (node:internal/timers:590:11)
        at process.processTimers (node:internal/timers:523:7) {
      errno: -65,
      code: 'EHOSTUNREACH',
      syscall: 'connect',
      address: '2001:67c:4e8:f004::9',
      port: 443
    }
  ]
}
